../Core/Src/main.c:132:5:_write	1
../Core/Src/main.c:139:19:TCA9548A_SelectChannel	1
../Core/Src/main.c:145:6:MPU6050_Init	1
../Core/Src/main.c:162:6:MPU6050_Read_Accel	1
../Core/Src/main.c:174:6:MPU6050_Read_Gyro	1
../Core/Src/main.c:186:6:MPU6050_Read_All	2
../Core/Src/main.c:206:6:Calculate_Accelerometer_Euler	1
../Core/Src/main.c:215:6:Calculate_Gyroscope_Euler	2
../Core/Src/main.c:256:6:Kalman_Filter_Update	1
../Core/Src/main.c:289:6:Update_All_Euler_Angles	2
../Core/Src/main.c:307:5:main	8
../Core/Src/main.c:421:6:SystemClock_Config	4
../Core/Src/main.c:482:13:MX_I2C1_Init	4
../Core/Src/main.c:530:13:MX_USART1_UART_Init	2
../Core/Src/main.c:565:13:MX_USART2_UART_Init	2
../Core/Src/main.c:600:13:MX_GPIO_Init	1
../Core/Src/main.c:648:6:Error_Handler	1
