../Core/Src/main.c:127:5:_write	1
../Core/Src/main.c:134:19:TCA9548A_SelectChannel	1
../Core/Src/main.c:140:6:MPU6050_Init	1
../Core/Src/main.c:157:6:MPU6050_Read_Accel	1
../Core/Src/main.c:169:6:MPU6050_Read_Gyro	1
../Core/Src/main.c:181:6:MPU6050_Read_All	2
../Core/Src/main.c:201:6:Calculate_Accelerometer_Euler	1
../Core/Src/main.c:210:6:Calculate_Gyroscope_Euler	2
../Core/Src/main.c:251:6:Kalman_Filter_Update	1
../Core/Src/main.c:284:6:Update_All_Euler_Angles	2
../Core/Src/main.c:302:5:main	4
../Core/Src/main.c:395:6:SystemClock_Config	4
../Core/Src/main.c:456:13:MX_I2C1_Init	4
../Core/Src/main.c:504:13:MX_USART1_UART_Init	2
../Core/Src/main.c:539:13:MX_USART2_UART_Init	2
../Core/Src/main.c:574:13:MX_GPIO_Init	1
../Core/Src/main.c:622:6:Error_Handler	1
